Test results will be written here.
